
+----------------------+
|   MiniSpec v1.2.0    |
| Full specs, zero fat |
+----------------------+

Live Dashboard: http://localhost:8080
Waiting for browser connection (3000 ms)...
Timeout. Running specs anyway...
Pass: 23 | Fail: 3 | Skip: 0 (Pending: 0) | Total: 26 Specs in 4 Features | 0 ms | at 2026-02-09T10:35:09
